I'm sorry, but errors were detected in your script. Please correct the
errors listed below, and try again.


File "game/script.rpy", line 14: invalid syntax
            call screen item_selection(world_items)
                  ^

Ren'Py Version: Ren'Py 8.3.4.24120703
Sun Feb 23 13:40:39 2025
